AR shifter behavioral //tholos.itserv.scss.tcd.ie/ugrad/buinovsa/Architecture/assignment1.1/shifter.vhd sub00/vhpl29 1427204980
AR adder16 behavioral //tholos.itserv.scss.tcd.ie/ugrad/buinovsa/Architecture/assignment1.1/adder16.vhd sub00/vhpl21 1427204970
EN fourtosixteenmux NULL //tholos.itserv.scss.tcd.ie/ugrad/buinovsa/Architecture/assignment1.1/fourToSixteenMux.vhd sub00/vhpl34 1427204987
AR reg16reset behavioral //tholos.itserv.scss.tcd.ie/ugrad/buinovsa/Architecture/assignment1.1/reg16Reset.vhd sub00/vhpl55 1427204998
EN mux2to8 NULL //tholos.itserv.scss.tcd.ie/ugrad/buinovsa/Architecture/assignment1.1/mux2to8.vhd sub00/vhpl56 1427205005
EN threetoeightmultiplexer NULL //tholos.itserv.scss.tcd.ie/ugrad/buinovsa/Architecture/assignment1.1/threeToEightMultiplexer.vhd sub00/vhpl00 1427205011
AR fulladder behavioral //tholos.itserv.scss.tcd.ie/ugrad/buinovsa/Architecture/assignment1.1/fullAdder.vhd sub00/vhpl07 1427204964
AR reg8 behavioral //tholos.itserv.scss.tcd.ie/ugrad/buinovsa/Architecture/assignment1.1/reg8.vhd sub00/vhpl45 1427204994
AR signextend behavioral //tholos.itserv.scss.tcd.ie/ugrad/buinovsa/Architecture/assignment1.1/signExtend.vhd sub00/vhpl49 1427205016
AR programcounter behavioral //tholos.itserv.scss.tcd.ie/ugrad/buinovsa/Architecture/assignment1.1/programCounter.vhd sub00/vhpl53 1427205000
AR datapath behavioral //tholos.itserv.scss.tcd.ie/ugrad/buinovsa/Architecture/assignment1.1/datapath.vhd sub00/vhpl33 1427205018
EN datapath NULL //tholos.itserv.scss.tcd.ie/ugrad/buinovsa/Architecture/assignment1.1/datapath.vhd sub00/vhpl32 1427205017
AR cpu behavioral //tholos.itserv.scss.tcd.ie/ugrad/buinovsa/Architecture/assignment1.1/cpu.vhd sub00/vhpl51 1427205020
AR controladdressregister behavioral //tholos.itserv.scss.tcd.ie/ugrad/buinovsa/Architecture/assignment1.1/controlAddressRegister.vhd sub00/vhpl47 1427205008
EN fulladder NULL //tholos.itserv.scss.tcd.ie/ugrad/buinovsa/Architecture/assignment1.1/fullAdder.vhd sub00/vhpl06 1427204963
AR threetoeightmultiplexer behavioral //tholos.itserv.scss.tcd.ie/ugrad/buinovsa/Architecture/assignment1.1/threeToEightMultiplexer.vhd sub00/vhpl01 1427205012
AR control_memory behavioral //tholos.itserv.scss.tcd.ie/ugrad/buinovsa/Architecture/assignment1.1/controlMemory.vhd sub00/vhpl41 1427205010
EN cpu NULL //tholos.itserv.scss.tcd.ie/ugrad/buinovsa/Architecture/assignment1.1/cpu.vhd sub00/vhpl50 1427205019
EN reg16reset NULL //tholos.itserv.scss.tcd.ie/ugrad/buinovsa/Architecture/assignment1.1/reg16Reset.vhd sub00/vhpl54 1427204997
EN mux4to1 NULL //tholos.itserv.scss.tcd.ie/ugrad/buinovsa/Architecture/assignment1.1/mux4to1.vhd sub00/vhpl12 1427204965
AR registerfile behavioral //tholos.itserv.scss.tcd.ie/ugrad/buinovsa/Architecture/assignment1.1/registerFile.vhd sub00/vhpl05 1427204990
AR mux4to1 behavioral //tholos.itserv.scss.tcd.ie/ugrad/buinovsa/Architecture/assignment1.1/mux4to1.vhd sub00/vhpl13 1427204966
EN fourtosixteendecoder NULL //tholos.itserv.scss.tcd.ie/ugrad/buinovsa/Architecture/assignment1.1/fourToSixteenDecoder.vhd sub00/vhpl36 1427204985
EN registerfile NULL //tholos.itserv.scss.tcd.ie/ugrad/buinovsa/Architecture/assignment1.1/registerFile.vhd sub00/vhpl04 1427204989
EN control_memory NULL //tholos.itserv.scss.tcd.ie/ugrad/buinovsa/Architecture/assignment1.1/controlMemory.vhd sub00/vhpl40 1427205009
AR adder8 behavioral //tholos.itserv.scss.tcd.ie/ugrad/buinovsa/Architecture/assignment1.1/adder8.vhd sub00/vhpl61 1427204996
AR arithmeticcircuitlogic behavioral //tholos.itserv.scss.tcd.ie/ugrad/buinovsa/Architecture/assignment1.1/arithmeticCircuitLogic.vhd sub00/vhpl19 1427204968
EN reg16 NULL //tholos.itserv.scss.tcd.ie/ugrad/buinovsa/Architecture/assignment1.1/register16.vhd sub00/vhpl02 1427204983
AR instructionregister behavioral //tholos.itserv.scss.tcd.ie/ugrad/buinovsa/Architecture/assignment1.1/instructionRegister.vhd sub00/vhpl43 1427205004
EN shifter NULL //tholos.itserv.scss.tcd.ie/ugrad/buinovsa/Architecture/assignment1.1/shifter.vhd sub00/vhpl28 1427204979
EN programcountersignextend NULL //tholos.itserv.scss.tcd.ie/ugrad/buinovsa/Architecture/assignment1.1/programCounterSignExtend.vhd sub00/vhpl58 1427205013
AR logiccircuit behavioral //tholos.itserv.scss.tcd.ie/ugrad/buinovsa/Architecture/assignment1.1/logicCircuit.vhd sub00/vhpl17 1427204974
AR functionunit behavioral //tholos.itserv.scss.tcd.ie/ugrad/buinovsa/Architecture/assignment1.1/functionUnit.vhd sub00/vhpl27 1427204992
EN memory NULL //tholos.itserv.scss.tcd.ie/ugrad/buinovsa/Architecture/assignment1.1/memory.vhd sub00/vhpl38 1427205001
EN adder8 NULL //tholos.itserv.scss.tcd.ie/ugrad/buinovsa/Architecture/assignment1.1/adder8.vhd sub00/vhpl60 1427204995
AR zerodetect behavioral //tholos.itserv.scss.tcd.ie/ugrad/buinovsa/Architecture/assignment1.1/zeroDetect.vhd sub00/vhpl31 1427204982
AR mux2to16 behavioral //tholos.itserv.scss.tcd.ie/ugrad/buinovsa/Architecture/assignment1.1/mux2to16.vhd sub00/vhpl25 1427204976
EN mux2to16 NULL //tholos.itserv.scss.tcd.ie/ugrad/buinovsa/Architecture/assignment1.1/mux2to16.vhd sub00/vhpl24 1427204975
AR fourtosixteenmux behavioral //tholos.itserv.scss.tcd.ie/ugrad/buinovsa/Architecture/assignment1.1/fourToSixteenMux.vhd sub00/vhpl35 1427204988
EN zerodetect NULL //tholos.itserv.scss.tcd.ie/ugrad/buinovsa/Architecture/assignment1.1/zeroDetect.vhd sub00/vhpl30 1427204981
AR memory behavioral //tholos.itserv.scss.tcd.ie/ugrad/buinovsa/Architecture/assignment1.1/memory.vhd sub00/vhpl39 1427205002
EN arithmeticcircuit NULL //tholos.itserv.scss.tcd.ie/ugrad/buinovsa/Architecture/assignment1.1/arithmeticCircuit.vhd sub00/vhpl14 1427204971
EN arithmeticcircuitlogic NULL //tholos.itserv.scss.tcd.ie/ugrad/buinovsa/Architecture/assignment1.1/arithmeticCircuitLogic.vhd sub00/vhpl18 1427204967
EN instructionregister NULL //tholos.itserv.scss.tcd.ie/ugrad/buinovsa/Architecture/assignment1.1/instructionRegister.vhd sub00/vhpl42 1427205003
EN threetoeightdecoder NULL //tholos.itserv.scss.tcd.ie/ugrad/buinovsa/Architecture/assignment1.1/threeToEightDecoder.vhd sub00/vhpl10 1425321734
AR and2 behavioral //tholos.itserv.scss.tcd.ie/ugrad/buinovsa/Architecture/assignment1.1/and2.vhd sub00/vhpl09 1425296685
AR programcountersignextend behavioral //tholos.itserv.scss.tcd.ie/ugrad/buinovsa/Architecture/assignment1.1/programCounterSignExtend.vhd sub00/vhpl59 1427205014
EN adder16 NULL //tholos.itserv.scss.tcd.ie/ugrad/buinovsa/Architecture/assignment1.1/adder16.vhd sub00/vhpl20 1427204969
AR reg16 behavioral //tholos.itserv.scss.tcd.ie/ugrad/buinovsa/Architecture/assignment1.1/register16.vhd sub00/vhpl03 1427204984
AR mux2to8 behavioral //tholos.itserv.scss.tcd.ie/ugrad/buinovsa/Architecture/assignment1.1/mux2to8.vhd sub00/vhpl57 1427205006
EN controladdressregister NULL //tholos.itserv.scss.tcd.ie/ugrad/buinovsa/Architecture/assignment1.1/controlAddressRegister.vhd sub00/vhpl46 1427205007
EN programcounter NULL //tholos.itserv.scss.tcd.ie/ugrad/buinovsa/Architecture/assignment1.1/programCounter.vhd sub00/vhpl52 1427204999
AR threetoeightdecoder behavioral //tholos.itserv.scss.tcd.ie/ugrad/buinovsa/Architecture/assignment1.1/threeToEightDecoder.vhd sub00/vhpl11 1425321735
AR arithmeticlogicunit behavioral //tholos.itserv.scss.tcd.ie/ugrad/buinovsa/Architecture/assignment1.1/arithmeticLogicUnit.vhd sub00/vhpl23 1427204978
EN functionunit NULL //tholos.itserv.scss.tcd.ie/ugrad/buinovsa/Architecture/assignment1.1/functionUnit.vhd sub00/vhpl26 1427204991
AR fourtosixteendecoder behavioral //tholos.itserv.scss.tcd.ie/ugrad/buinovsa/Architecture/assignment1.1/fourToSixteenDecoder.vhd sub00/vhpl37 1427204986
AR arithmeticcircuit behavioral //tholos.itserv.scss.tcd.ie/ugrad/buinovsa/Architecture/assignment1.1/arithmeticCircuit.vhd sub00/vhpl15 1427204972
EN reg8 NULL //tholos.itserv.scss.tcd.ie/ugrad/buinovsa/Architecture/assignment1.1/reg8.vhd sub00/vhpl44 1427204993
EN and2 NULL //tholos.itserv.scss.tcd.ie/ugrad/buinovsa/Architecture/assignment1.1/and2.vhd sub00/vhpl08 1425296684
EN logiccircuit NULL //tholos.itserv.scss.tcd.ie/ugrad/buinovsa/Architecture/assignment1.1/logicCircuit.vhd sub00/vhpl16 1427204973
EN arithmeticlogicunit NULL //tholos.itserv.scss.tcd.ie/ugrad/buinovsa/Architecture/assignment1.1/arithmeticLogicUnit.vhd sub00/vhpl22 1427204977
EN signextend NULL //tholos.itserv.scss.tcd.ie/ugrad/buinovsa/Architecture/assignment1.1/signExtend.vhd sub00/vhpl48 1427205015
